MO halfadder NULL halfadder.v vlg33/halfadder.bin 1618237110
MO fulladder NULL fulladder.v vlg33/fulladder.bin 1618237110
MO full_adder1 NULL fulladder.v vlg73/full__adder1.bin 1618123996
MO full_adder NULL fulladder.v vlg5A/full__adder.bin 1618124169
MO fulladder4 NULL fulladder8.v vlg33/fulladder4.bin 1618124650
MO fulladder8 NULL fulladder8.v vlg37/fulladder8.bin 1618237110
